23:50:02.897 DEBUG org.springframework.context.support.AbstractApplicationContext 672 prepareRefresh - Refreshing org.springframework.context.annotation.AnnotationConfigApplicationContext@3f6db3fb
23:50:02.904 DEBUG org.springframework.beans.factory.support.DefaultSingletonBeanRegistry 225 getSingleton - Creating shared instance of singleton bean 'org.springframework.context.annotation.internalConfigurationAnnotationProcessor'
23:50:02.926 DEBUG org.springframework.context.annotation.ClassPathScanningCandidateComponentProvider 476 scanCandidateComponents - Identified candidate component class: file [/Users/promise/Promise Code/Java/Spring6Study/spring6-ioc-annotation/target/classes/org/example/autowired/controller/UserController.class]
23:50:02.927 DEBUG org.springframework.context.annotation.ClassPathScanningCandidateComponentProvider 476 scanCandidateComponents - Identified candidate component class: file [/Users/promise/Promise Code/Java/Spring6Study/spring6-ioc-annotation/target/classes/org/example/autowired/dao/interfaceTest/UserDaoImpl.class]
23:50:02.927 DEBUG org.springframework.context.annotation.ClassPathScanningCandidateComponentProvider 476 scanCandidateComponents - Identified candidate component class: file [/Users/promise/Promise Code/Java/Spring6Study/spring6-ioc-annotation/target/classes/org/example/autowired/dao/interfaceTest/UserRedisDaoImpl.class]
23:50:02.928 DEBUG org.springframework.context.annotation.ClassPathScanningCandidateComponentProvider 476 scanCandidateComponents - Identified candidate component class: file [/Users/promise/Promise Code/Java/Spring6Study/spring6-ioc-annotation/target/classes/org/example/autowired/service/interfaceTest/UserServiceImpl.class]
23:50:02.928 DEBUG org.springframework.context.annotation.ClassPathScanningCandidateComponentProvider 476 scanCandidateComponents - Identified candidate component class: file [/Users/promise/Promise Code/Java/Spring6Study/spring6-ioc-annotation/target/classes/org/example/spring6/User.class]
23:50:02.966 DEBUG org.springframework.beans.factory.support.DefaultSingletonBeanRegistry 225 getSingleton - Creating shared instance of singleton bean 'org.springframework.context.event.internalEventListenerProcessor'
23:50:02.968 DEBUG org.springframework.beans.factory.support.DefaultSingletonBeanRegistry 225 getSingleton - Creating shared instance of singleton bean 'org.springframework.context.event.internalEventListenerFactory'
23:50:02.968 DEBUG org.springframework.beans.factory.support.DefaultSingletonBeanRegistry 225 getSingleton - Creating shared instance of singleton bean 'org.springframework.context.annotation.internalAutowiredAnnotationProcessor'
23:50:02.969 DEBUG org.springframework.beans.factory.support.DefaultSingletonBeanRegistry 225 getSingleton - Creating shared instance of singleton bean 'org.springframework.context.annotation.internalCommonAnnotationProcessor'
23:50:02.973 DEBUG org.springframework.beans.factory.support.DefaultSingletonBeanRegistry 225 getSingleton - Creating shared instance of singleton bean 'springConfig'
23:50:02.974 DEBUG org.springframework.beans.factory.support.DefaultSingletonBeanRegistry 225 getSingleton - Creating shared instance of singleton bean 'userController'
23:50:02.984 DEBUG org.springframework.beans.factory.support.DefaultSingletonBeanRegistry 225 getSingleton - Creating shared instance of singleton bean 'userServiceImpl'
23:50:02.986 DEBUG org.springframework.beans.factory.support.DefaultSingletonBeanRegistry 225 getSingleton - Creating shared instance of singleton bean 'userRedisDaoImpl'
23:50:02.987 DEBUG org.springframework.beans.factory.support.DefaultSingletonBeanRegistry 225 getSingleton - Creating shared instance of singleton bean 'userDaoImpl'
23:50:02.988 DEBUG org.springframework.beans.factory.support.DefaultSingletonBeanRegistry 225 getSingleton - Creating shared instance of singleton bean 'user'
